c:\Users\monoc\Documents\Projects\Quilombo\.venv\Scripts\python.exe : Creating 
test database for alias 'default' 
('file:memorydb_default?mode=memory&cache=shared')...
At line:1 char:1
+ c:\Users\monoc\Documents\Projects\Quilombo\.venv\Scripts\python.exe m ...
+ ~~~~~~~~~~~~~~~~~~~~~~~~~~~~~~~~~~~~~~~~~~~~~~~~~~~~~~~~~~~~~~~~~~~~~
    + CategoryInfo          : NotSpecified: (Creating test d...che=shared')... 
   :String) [], RemoteException
    + FullyQualifiedErrorId : NativeCommandError
 

Found 60 test(s).
Operations to perform:
  Synchronize unmigrated apps: messages, staticfiles
  Apply all migrations: admin, auth, contenttypes, core, eventos, posts, sessions
Synchronizing apps without migrations:
  Creating tables...
    Running deferred SQL...
Running migrations:
  Applying contenttypes.0001_initial... OK
  Applying auth.0001_initial... OK
  Applying admin.0001_initial... OK
  Applying admin.0002_logentry_remove_auto_add... OK
  Applying admin.0003_logentry_add_action_flag_choices... OK
  Applying contenttypes.0002_remove_content_type_name... OK
  Applying auth.0002_alter_permission_name_max_length... OK
  Applying auth.0003_alter_user_email_max_length... OK
  Applying auth.0004_alter_user_username_opts... OK
  Applying auth.0005_alter_user_last_login_null... OK
  Applying auth.0006_require_contenttypes_0002... OK
  Applying auth.0007_alter_validators_add_error_messages... OK
  Applying auth.0008_alter_user_username_max_length... OK
  Applying auth.0009_alter_user_last_name_max_length... OK
  Applying auth.0010_alter_group_name_max_length... OK
  Applying auth.0011_update_proxy_permissions... OK
  Applying auth.0012_alter_user_first_name_max_length... OK
  Applying core.0001_initial... OK
  Applying core.0002_configuracaosite... OK
  Applying core.0003_configuracaosite_animacao_folhas_ativa_and_more... OK
  Applying eventos.0001_initial... OK
  Applying posts.0001_initial... OK
  Applying posts.0002_post_video_url... OK
test_contato_has_new_address 
(apps.core.tests.AddressUpdateTest.test_contato_has_new_address) ... ok
test_folhas_desativadas_no_html 
(apps.core.tests.AddressUpdateTest.test_folhas_desativadas_no_html) ... ok
test_footer_has_new_address 
(apps.core.tests.AddressUpdateTest.test_footer_has_new_address) ... ok
test_footer_social_links_dynamic 
(apps.core.tests.AddressUpdateTest.test_footer_social_links_dynamic) ... ok
test_campos_padrao 
(apps.core.tests.ConfiguracaoSiteModelTest.test_campos_padrao) ... ok
test_desativar_folhas 
(apps.core.tests.ConfiguracaoSiteModelTest.test_desativar_folhas) ... ok
test_google_calendar_link 
(apps.core.tests.ConfiguracaoSiteModelTest.test_google_calendar_link) ... ok
test_salvar_redes_sociais 
(apps.core.tests.ConfiguracaoSiteModelTest.test_salvar_redes_sociais) ... ok
test_singleton (apps.core.tests.ConfiguracaoSiteModelTest.test_singleton) ... 
ok
test_str (apps.core.tests.ConfiguracaoSiteModelTest.test_str) ... ok
test_criar_contato (apps.core.tests.ContatoModelTest.test_criar_contato) ... ok
test_contato_form_honeypot 
(apps.core.tests.CoreViewsTest.test_contato_form_honeypot) ... ok
test_contato_form_invalid_short_message 
(apps.core.tests.CoreViewsTest.test_contato_form_invalid_short_message) ... ok
test_contato_form_invalid_short_name 
(apps.core.tests.CoreViewsTest.test_contato_form_invalid_short_name) ... ok
test_contato_form_valid 
(apps.core.tests.CoreViewsTest.test_contato_form_valid) ... INFO 2026-03-11 
04:33:34,544 views Contato recebido de maria@exemplo.com
ok
test_contato_page_status 
(apps.core.tests.CoreViewsTest.test_contato_page_status) ... ok
test_eventos_api_status 
(apps.core.tests.CoreViewsTest.test_eventos_api_status) ... ok
test_home_page_status (apps.core.tests.CoreViewsTest.test_home_page_status) 
... ok
test_home_template (apps.core.tests.CoreViewsTest.test_home_template) ... ok
test_sobre_page_status (apps.core.tests.CoreViewsTest.test_sobre_page_status) 
... ok
test_home_page_has_map_container 
(apps.core.tests.MapRenderingTest.test_home_page_has_map_container) ... ok
test_home_page_has_map_coordinates 
(apps.core.tests.MapRenderingTest.test_home_page_has_map_coordinates) ... ok
test_home_page_has_map_points_data 
(apps.core.tests.MapRenderingTest.test_home_page_has_map_points_data) ... ok
test_criar_ponto (apps.core.tests.PontoMapaModelTest.test_criar_ponto) ... ok
test_criar_evento (apps.eventos.tests.EventoModelTest.test_criar_evento) ... ok
test_agenda_status (apps.eventos.tests.EventoViewsTest.test_agenda_status) ... 
ok
test_agenda_template (apps.eventos.tests.EventoViewsTest.test_agenda_template) 
... ok
test_detalhe_evento_status 
(apps.eventos.tests.EventoViewsTest.test_detalhe_evento_status) ... ok
test_detalhe_evento_template 
(apps.eventos.tests.EventoViewsTest.test_detalhe_evento_template) ... ok
test_evento_inexistente_404 
(apps.eventos.tests.EventoViewsTest.test_evento_inexistente_404) ... WARNING 
2026-03-11 04:33:35,121 log Not Found: /agenda/9999/
ok
test_criar_post (apps.posts.tests.PostModelTest.test_criar_post) ... ok
test_slug_unico (apps.posts.tests.PostModelTest.test_slug_unico) ... ok
test_detalhe_post_status 
(apps.posts.tests.PostViewsTest.test_detalhe_post_status) ... ok
test_detalhe_post_template 
(apps.posts.tests.PostViewsTest.test_detalhe_post_template) ... ok
test_lista_posts_status 
(apps.posts.tests.PostViewsTest.test_lista_posts_status) ... ok
test_lista_posts_template 
(apps.posts.tests.PostViewsTest.test_lista_posts_template) ... ok
test_post_nao_publicado_404 
(apps.posts.tests.PostViewsTest.test_post_nao_publicado_404) ... WARNING 
2026-03-11 04:34:16,209 log Not Found: /posts/post-de-teste/
ok
test_configuracoes_desativar_folhas (apps.usuarios.tests.ConfiguracoesViewTest.
test_configuracoes_desativar_folhas) ... ok
test_configuracoes_get 
(apps.usuarios.tests.ConfiguracoesViewTest.test_configuracoes_get) ... ok
test_configuracoes_requer_login 
(apps.usuarios.tests.ConfiguracoesViewTest.test_configuracoes_requer_login) 
... ok
test_configuracoes_salvar_google_calendar (apps.usuarios.tests.ConfiguracoesVie
wTest.test_configuracoes_salvar_google_calendar) ... ok
test_configuracoes_salvar_redes_sociais (apps.usuarios.tests.ConfiguracoesViewT
est.test_configuracoes_salvar_redes_sociais) ... ok
test_criar_post_get 
(apps.usuarios.tests.CriarPostViewTest.test_criar_post_get) ... ok
test_criar_post_requer_login 
(apps.usuarios.tests.CriarPostViewTest.test_criar_post_requer_login) ... ok
test_criar_post_valido 
(apps.usuarios.tests.CriarPostViewTest.test_criar_post_valido) ... ok
test_editar_post_dono 
(apps.usuarios.tests.EditarPostViewTest.test_editar_post_dono) ... ok
test_editar_post_outro_usuario_404 
(apps.usuarios.tests.EditarPostViewTest.test_editar_post_outro_usuario_404) 
... WARNING 2026-03-11 04:36:16,186 log Not Found: /equipe/editar-post/1/
ok
test_editar_post_requer_login 
(apps.usuarios.tests.EditarPostViewTest.test_editar_post_requer_login) ... ok
test_editar_post_valido 
(apps.usuarios.tests.EditarPostViewTest.test_editar_post_valido) ... ok
test_excluir_post_dono 
(apps.usuarios.tests.ExcluirPostViewTest.test_excluir_post_dono) ... ok
test_excluir_post_get_nao_permitido 
(apps.usuarios.tests.ExcluirPostViewTest.test_excluir_post_get_nao_permitido) 
... WARNING 2026-03-11 04:37:04,051 log Method Not Allowed (GET): 
/equipe/excluir-post/1/
ok
test_excluir_post_outro_usuario_404 
(apps.usuarios.tests.ExcluirPostViewTest.test_excluir_post_outro_usuario_404) 
... WARNING 2026-03-11 04:37:17,780 log Not Found: /equipe/excluir-post/1/
ok
test_excluir_post_requer_login 
(apps.usuarios.tests.ExcluirPostViewTest.test_excluir_post_requer_login) ... ok
test_login_invalido (apps.usuarios.tests.LoginViewTest.test_login_invalido) 
... ok
test_login_page_get (apps.usuarios.tests.LoginViewTest.test_login_page_get) 
... ok
test_login_redireciona_autenticado 
(apps.usuarios.tests.LoginViewTest.test_login_redireciona_autenticado) ... ok
test_login_valido (apps.usuarios.tests.LoginViewTest.test_login_valido) ... ok
test_logout (apps.usuarios.tests.LogoutViewTest.test_logout) ... ok
test_painel_autenticado 
(apps.usuarios.tests.PainelViewTest.test_painel_autenticado) ... ok
test_painel_requer_login 
(apps.usuarios.tests.PainelViewTest.test_painel_requer_login) ... ok

----------------------------------------------------------------------
Ran 60 tests in 307.718s

OK
Destroying test database for alias 'default' 
('file:memorydb_default?mode=memory&cache=shared')...

  Applying sessions.0001_initial... OK
System check identified no issues (0 silenced).
